This is XeTeX, Version 3.141592653-2.6-0.999997 (TeX Live 2025/nixos.org) (preloaded format=xelatex 1980.1.1)  26 AUG 2026 19:17
entering extended mode
 restricted \write18 enabled.
 file:line:error style messages enabled.
 %&-line parsing enabled.
**main.tex
(./main.tex
LaTeX2e <2025-11-01>
L3 programming layer <2026-01-19>
(/nix/store/3b1j5jipjpakdak6par146z865lwq8rp-texlive-2025-r78234-final-env-texmfdist/tex/latex/base/report.cls
Document Class: report 2025/01/22 v1.4n Standard LaTeX document class
(/nix/store/3b1j5jipjpakdak6par146z865lwq8rp-texlive-2025-r78234-final-env-texmfdist/tex/latex/base/size12.clo
File: size12.clo 2025/01/22 v1.4n Standard LaTeX file (size option)
)
\c@part=\count271
\c@chapter=\count272
\c@section=\count273
\c@subsection=\count274
\c@subsubsection=\count275
\c@paragraph=\count276
\c@subparagraph=\count277
\c@figure=\count278
\c@table=\count279
\abovecaptionskip=\skip49
\belowcaptionskip=\skip50
\bibindent=\dimen148
) (/nix/store/3b1j5jipjpakdak6par146z865lwq8rp-texlive-2025-r78234-final-env-texmfdist/tex/latex/fontspec/fontspec.sty (/nix/store/3b1j5jipjpakdak6par146z865lwq8rp-texlive-2025-r78234-final-env-texmfdist/tex/latex/l3packages/xparse/xparse.sty (/nix/store/3b1j5jipjpakdak6par146z865lwq8rp-texlive-2025-r78234-final-env-texmfdist/tex/latex/l3kernel/expl3.sty
Package: expl3 2026-01-19 L3 programming layer (loader) 
 (/nix/store/3b1j5jipjpakdak6par146z865lwq8rp-texlive-2025-r78234-final-env-texmfdist/tex/latex/l3backend/l3backend-xetex.def
File: l3backend-xetex.def 2025-10-09 L3 backend support: XeTeX
\g__graphics_track_int=\count280
\g__pdfannot_backend_int=\count281
\g__pdfannot_backend_link_int=\count282
))
Package: xparse 2025-10-09 L3 Experimental document command parser
)
Package: fontspec 2025/09/29 v2.9g Font selection for XeLaTeX and LuaLaTeX
 (/nix/store/3b1j5jipjpakdak6par146z865lwq8rp-texlive-2025-r78234-final-env-texmfdist/tex/latex/fontspec/fontspec-xetex.sty
Package: fontspec-xetex 2025/09/29 v2.9g Font selection for XeLaTeX and LuaLaTeX
\l__fontspec_script_int=\count283
\l__fontspec_language_int=\count284
\l__fontspec_strnum_int=\count285
\l__fontspec_tmp_int=\count286
\l__fontspec_tmpa_int=\count287
\l__fontspec_tmpb_int=\count288
\l__fontspec_tmpc_int=\count289
\l__fontspec_em_int=\count290
\l__fontspec_emdef_int=\count291
\l__fontspec_strong_int=\count292
\l__fontspec_strongdef_int=\count293
\l__fontspec_tmpa_dim=\dimen149
\l__fontspec_tmpb_dim=\dimen150
\l__fontspec_tmpc_dim=\dimen151
 (/nix/store/3b1j5jipjpakdak6par146z865lwq8rp-texlive-2025-r78234-final-env-texmfdist/tex/latex/base/fontenc.sty
Package: fontenc 2025/07/18 v2.1d Standard LaTeX package
) (/nix/store/3b1j5jipjpakdak6par146z865lwq8rp-texlive-2025-r78234-final-env-texmfdist/tex/latex/fontspec/fontspec.cfg)))

Package fontspec Info: 
(fontspec)             Font family 'Carlito(0)' created for font 'Carlito'
(fontspec)             with options [Ligatures=TeX].
(fontspec)              
(fontspec)              This font family consists of the following NFSS
(fontspec)             series/shapes:
(fontspec)              
(fontspec)             - 'normal' (m/n) with NFSS spec.:
(fontspec)             <->"Carlito/OT:script=latn;language=dflt;mapping=tex-text;"
(fontspec)             - 'bold' (b/n) with NFSS spec.:
(fontspec)             <->"Carlito/B/OT:script=latn;language=dflt;mapping=tex-text;"
(fontspec)             - 'italic' (m/it) with NFSS spec.:
(fontspec)             <->"Carlito/I/OT:script=latn;language=dflt;mapping=tex-text;"
(fontspec)             - 'bold italic' (b/it) with NFSS spec.:
(fontspec)             <->"Carlito/BI/OT:script=latn;language=dflt;mapping=tex-text;"

 (/nix/store/3b1j5jipjpakdak6par146z865lwq8rp-texlive-2025-r78234-final-env-texmfdist/tex/generic/babel/babel.sty
Package: babel 2026/02/14 v26.3 The multilingual framework for LuaLaTeX, pdfLaTeX and XeLaTeX
\babel@savecnt=\count294
LaTeX Encoding Info:    Redeclaring text command \ij (encoding OT1) on input line 2078.
LaTeX Encoding Info:    Redeclaring text command \IJ (encoding OT1) on input line 2080.
LaTeX Encoding Info:    Redeclaring text command \ij (encoding T1) on input line 2082.
LaTeX Encoding Info:    Redeclaring text command \IJ (encoding T1) on input line 2083.
LaTeX Encoding Info:    Ignoring declaration for text command \ij (encoding ?) on input line 2084.
LaTeX Encoding Info:    Ignoring declaration for text command \IJ (encoding ?) on input line 2086.
LaTeX Encoding Info:    Ignoring declaration for text command \SS (encoding ?) on input line 2111.
\U@D=\dimen152
\l@unhyphenated=\language90
 (/nix/store/3b1j5jipjpakdak6par146z865lwq8rp-texlive-2025-r78234-final-env-texmfdist/tex/generic/babel/xebabel.def)
\bbl@readstream=\read2
\bbl@dirlevel=\count295
 (/nix/store/3b1j5jipjpakdak6par146z865lwq8rp-texlive-2025-r78234-final-env-texmfdist/tex/generic/babel/locale/id/babel-indonesian.tex)
Package babel Info: Importing font and identification data for indonesian
(babel)             from babel-id.ini. Reported on input line 4330.
 (/nix/store/3b1j5jipjpakdak6par146z865lwq8rp-texlive-2025-r78234-final-env-texmfdist/tex/generic/babel-indonesian/indonesian.ldf
Language: indonesian 2025/06/01 v1.0n Bahasa Indonesia support from the babel system
)) (/nix/store/3b1j5jipjpakdak6par146z865lwq8rp-texlive-2025-r78234-final-env-texmfdist/tex/latex/hyphenat/hyphenat.sty
Package: hyphenat 2009/09/02 v2.3c hyphenation utilities
\langwohyphens=\language91
LaTeX Info: Redefining \_ on input line 43.
) (/nix/store/3b1j5jipjpakdak6par146z865lwq8rp-texlive-2025-r78234-final-env-texmfdist/tex/latex/geometry/geometry.sty
Package: geometry 2020/01/02 v5.9 Page Geometry
 (/nix/store/3b1j5jipjpakdak6par146z865lwq8rp-texlive-2025-r78234-final-env-texmfdist/tex/latex/graphics/keyval.sty
Package: keyval 2022/05/29 v1.15 key=value parser (DPC)
\KV@toks@=\toks17
) (/nix/store/3b1j5jipjpakdak6par146z865lwq8rp-texlive-2025-r78234-final-env-texmfdist/tex/generic/iftex/ifvtex.sty
Package: ifvtex 2019/10/25 v1.7 ifvtex legacy package. Use iftex instead.

(/nix/store/3b1j5jipjpakdak6par146z865lwq8rp-texlive-2025-r78234-final-env-texmfdist/tex/generic/iftex/iftex.sty
Package: iftex 2024/12/12 v1.0g TeX engine tests
))
\Gm@cnth=\count296
\Gm@cntv=\count297
\c@Gm@tempcnt=\count298
\Gm@bindingoffset=\dimen153
\Gm@wd@mp=\dimen154
\Gm@odd@mp=\dimen155
\Gm@even@mp=\dimen156
\Gm@layoutwidth=\dimen157
\Gm@layoutheight=\dimen158
\Gm@layouthoffset=\dimen159
\Gm@layoutvoffset=\dimen160
\Gm@dimlist=\toks18
) (/nix/store/3b1j5jipjpakdak6par146z865lwq8rp-texlive-2025-r78234-final-env-texmfdist/tex/latex/setspace/setspace.sty
Package: setspace 2022/12/04 v6.7b set line spacing
) (/nix/store/3b1j5jipjpakdak6par146z865lwq8rp-texlive-2025-r78234-final-env-texmfdist/tex/latex/titlesec/titlesec.sty
Package: titlesec 2025/01/04 v2.17 Sectioning titles
\ttl@box=\box53
\beforetitleunit=\skip51
\aftertitleunit=\skip52
\ttl@plus=\dimen161
\ttl@minus=\dimen162
\ttl@toksa=\toks19
\titlewidth=\dimen163
\titlewidthlast=\dimen164
\titlewidthfirst=\dimen165
) (/nix/store/3b1j5jipjpakdak6par146z865lwq8rp-texlive-2025-r78234-final-env-texmfdist/tex/latex/graphics/graphicx.sty
Package: graphicx 2024/12/31 v1.2e Enhanced LaTeX Graphics (DPC,SPQR)
 (/nix/store/3b1j5jipjpakdak6par146z865lwq8rp-texlive-2025-r78234-final-env-texmfdist/tex/latex/graphics/graphics.sty
Package: graphics 2024/08/06 v1.4g Standard LaTeX Graphics (DPC,SPQR)
 (/nix/store/3b1j5jipjpakdak6par146z865lwq8rp-texlive-2025-r78234-final-env-texmfdist/tex/latex/graphics/trig.sty
Package: trig 2023/12/02 v1.11 sin cos tan (DPC)
) (/nix/store/3b1j5jipjpakdak6par146z865lwq8rp-texlive-2025-r78234-final-env-texmfdist/tex/latex/graphics-cfg/graphics.cfg
File: graphics.cfg 2016/06/04 v1.11 sample graphics configuration
)
Package graphics Info: Driver file: xetex.def on input line 106.
 (/nix/store/3b1j5jipjpakdak6par146z865lwq8rp-texlive-2025-r78234-final-env-texmfdist/tex/latex/graphics-def/xetex.def
File: xetex.def 2025/11/01 v5.0p Graphics/color driver for xetex
))
\Gin@req@height=\dimen166
\Gin@req@width=\dimen167
) (/nix/store/3b1j5jipjpakdak6par146z865lwq8rp-texlive-2025-r78234-final-env-texmfdist/tex/latex/float/float.sty
Package: float 2001/11/08 v1.3d Float enhancements (AL)
\c@float@type=\count299
\float@exts=\toks20
\float@box=\box54
\@float@everytoks=\toks21
\@floatcapt=\box55
) (/nix/store/3b1j5jipjpakdak6par146z865lwq8rp-texlive-2025-r78234-final-env-texmfdist/tex/latex/enumitem/enumitem.sty
Package: enumitem 2025/02/06 v3.11 Customized lists
\labelindent=\skip53
\enit@outerparindent=\dimen168
\enit@toks=\toks22
\enit@inbox=\box56
\enit@count@id=\count300
\enitdp@description=\count301
) (/nix/store/3b1j5jipjpakdak6par146z865lwq8rp-texlive-2025-r78234-final-env-texmfdist/tex/latex/hyperref/hyperref.sty
Package: hyperref 2026-01-29 v7.01p Hypertext links for LaTeX
 (/nix/store/3b1j5jipjpakdak6par146z865lwq8rp-texlive-2025-r78234-final-env-texmfdist/tex/latex/kvsetkeys/kvsetkeys.sty
Package: kvsetkeys 2022-10-05 v1.19 Key value parser (HO)
) (/nix/store/3b1j5jipjpakdak6par146z865lwq8rp-texlive-2025-r78234-final-env-texmfdist/tex/generic/kvdefinekeys/kvdefinekeys.sty
Package: kvdefinekeys 2019-12-19 v1.6 Define keys (HO)
) (/nix/store/3b1j5jipjpakdak6par146z865lwq8rp-texlive-2025-r78234-final-env-texmfdist/tex/generic/pdfescape/pdfescape.sty
Package: pdfescape 2019/12/09 v1.15 Implements pdfTeX's escape features (HO)
 (/nix/store/3b1j5jipjpakdak6par146z865lwq8rp-texlive-2025-r78234-final-env-texmfdist/tex/generic/ltxcmds/ltxcmds.sty
Package: ltxcmds 2023-12-04 v1.26 LaTeX kernel commands for general use (HO)
) (/nix/store/3b1j5jipjpakdak6par146z865lwq8rp-texlive-2025-r78234-final-env-texmfdist/tex/generic/pdftexcmds/pdftexcmds.sty
Package: pdftexcmds 2020-06-27 v0.33 Utility functions of pdfTeX for LuaTeX (HO)

(/nix/store/3b1j5jipjpakdak6par146z865lwq8rp-texlive-2025-r78234-final-env-texmfdist/tex/generic/infwarerr/infwarerr.sty
Package: infwarerr 2019/12/03 v1.5 Providing info/warning/error messages (HO)
)
Package pdftexcmds Info: \pdf@primitive is available.
Package pdftexcmds Info: \pdf@ifprimitive is available.
Package pdftexcmds Info: \pdfdraftmode not found.
)) (/nix/store/3b1j5jipjpakdak6par146z865lwq8rp-texlive-2025-r78234-final-env-texmfdist/tex/latex/hycolor/hycolor.sty
Package: hycolor 2020-01-27 v1.10 Color options for hyperref/bookmark (HO)
) (/nix/store/3b1j5jipjpakdak6par146z865lwq8rp-texlive-2025-r78234-final-env-texmfdist/tex/latex/hyperref/nameref.sty
Package: nameref 2026-01-29 v2.58 Cross-referencing by name of section
 (/nix/store/3b1j5jipjpakdak6par146z865lwq8rp-texlive-2025-r78234-final-env-texmfdist/tex/latex/refcount/refcount.sty
Package: refcount 2019/12/15 v3.6 Data extraction from label references (HO)
) (/nix/store/3b1j5jipjpakdak6par146z865lwq8rp-texlive-2025-r78234-final-env-texmfdist/tex/generic/gettitlestring/gettitlestring.sty
Package: gettitlestring 2019/12/15 v1.6 Cleanup title references (HO)
 (/nix/store/3b1j5jipjpakdak6par146z865lwq8rp-texlive-2025-r78234-final-env-texmfdist/tex/latex/kvoptions/kvoptions.sty
Package: kvoptions 2022-06-15 v3.15 Key value format for package options (HO)
))
\c@section@level=\count302
) (/nix/store/3b1j5jipjpakdak6par146z865lwq8rp-texlive-2025-r78234-final-env-texmfdist/tex/latex/etoolbox/etoolbox.sty
Package: etoolbox 2025/10/02 v2.5m e-TeX tools for LaTeX (JAW)
\etb@tempcnta=\count303
) (/nix/store/3b1j5jipjpakdak6par146z865lwq8rp-texlive-2025-r78234-final-env-texmfdist/tex/generic/stringenc/stringenc.sty
Package: stringenc 2019/11/29 v1.12 Convert strings between diff. encodings (HO)
)
\@linkdim=\dimen169
\Hy@linkcounter=\count304
\Hy@pagecounter=\count305
 (/nix/store/3b1j5jipjpakdak6par146z865lwq8rp-texlive-2025-r78234-final-env-texmfdist/tex/latex/hyperref/pd1enc.def
File: pd1enc.def 2026-01-29 v7.01p Hyperref: PDFDocEncoding definition (HO)
) (/nix/store/3b1j5jipjpakdak6par146z865lwq8rp-texlive-2025-r78234-final-env-texmfdist/tex/generic/intcalc/intcalc.sty
Package: intcalc 2019/12/15 v1.3 Expandable calculations with integers (HO)
)
\Hy@SavedSpaceFactor=\count306
 (/nix/store/3b1j5jipjpakdak6par146z865lwq8rp-texlive-2025-r78234-final-env-texmfdist/tex/latex/hyperref/puenc.def
File: puenc.def 2026-01-29 v7.01p Hyperref: PDF Unicode definition (HO)
)
Package hyperref Info: Hyper figures OFF on input line 4201.
Package hyperref Info: Link nesting OFF on input line 4206.
Package hyperref Info: Hyper index ON on input line 4209.
Package hyperref Info: Plain pages OFF on input line 4216.
Package hyperref Info: Backreferencing OFF on input line 4221.
Package hyperref Info: Implicit mode ON; LaTeX internals redefined.
Package hyperref Info: Bookmarks ON on input line 4468.
\c@Hy@tempcnt=\count307
 (/nix/store/3b1j5jipjpakdak6par146z865lwq8rp-texlive-2025-r78234-final-env-texmfdist/tex/latex/url/url.sty
\Urlmuskip=\muskip17
Package: url 2013/09/16  ver 3.4  Verb mode for urls, etc.
)
LaTeX Info: Redefining \url on input line 4807.
\XeTeXLinkMargin=\dimen170
 (/nix/store/3b1j5jipjpakdak6par146z865lwq8rp-texlive-2025-r78234-final-env-texmfdist/tex/generic/bitset/bitset.sty
Package: bitset 2019/12/09 v1.3 Handle bit-vector datatype (HO)
 (/nix/store/3b1j5jipjpakdak6par146z865lwq8rp-texlive-2025-r78234-final-env-texmfdist/tex/generic/bigintcalc/bigintcalc.sty
Package: bigintcalc 2019/12/15 v1.5 Expandable calculations on big integers (HO)
))
\Fld@menulength=\count308
\Field@Width=\dimen171
\Fld@charsize=\dimen172
Package hyperref Info: Hyper figures OFF on input line 6084.
Package hyperref Info: Link nesting OFF on input line 6089.
Package hyperref Info: Hyper index ON on input line 6092.
Package hyperref Info: backreferencing OFF on input line 6099.
Package hyperref Info: Link coloring OFF on input line 6104.
Package hyperref Info: Link coloring with OCG OFF on input line 6109.
Package hyperref Info: PDF/A mode OFF on input line 6114.
\Hy@abspage=\count309
\c@Item=\count310
\c@Hfootnote=\count311
)
Package hyperref Info: Driver (autodetected): hxetex.
 (/nix/store/3b1j5jipjpakdak6par146z865lwq8rp-texlive-2025-r78234-final-env-texmfdist/tex/latex/hyperref/hxetex.def
File: hxetex.def 2026-01-29 v7.01p Hyperref driver for XeTeX
\pdfm@box=\box57
\c@Hy@AnnotLevel=\count312
\HyField@AnnotCount=\count313
\Fld@listcount=\count314
\c@bookmark@seq@number=\count315
 (/nix/store/3b1j5jipjpakdak6par146z865lwq8rp-texlive-2025-r78234-final-env-texmfdist/tex/latex/rerunfilecheck/rerunfilecheck.sty
Package: rerunfilecheck 2025-06-21 v1.11 Rerun checks for auxiliary files (HO)

(/nix/store/3b1j5jipjpakdak6par146z865lwq8rp-texlive-2025-r78234-final-env-texmfdist/tex/generic/uniquecounter/uniquecounter.sty
Package: uniquecounter 2019/12/15 v1.4 Provide unlimited unique counter (HO)
)
Package uniquecounter Info: New unique counter `rerunfilecheck' on input line 284.
)
\Hy@SectionHShift=\skip54
) (./main.aux)
\openout1 = `main.aux'.

LaTeX Font Info:    Checking defaults for OML/cmm/m/it on input line 66.
LaTeX Font Info:    ... okay on input line 66.
LaTeX Font Info:    Checking defaults for OMS/cmsy/m/n on input line 66.
LaTeX Font Info:    ... okay on input line 66.
LaTeX Font Info:    Checking defaults for OT1/cmr/m/n on input line 66.
LaTeX Font Info:    ... okay on input line 66.
LaTeX Font Info:    Checking defaults for T1/cmr/m/n on input line 66.
LaTeX Font Info:    ... okay on input line 66.
LaTeX Font Info:    Checking defaults for TS1/cmr/m/n on input line 66.
LaTeX Font Info:    ... okay on input line 66.
LaTeX Font Info:    Checking defaults for TU/lmr/m/n on input line 66.
LaTeX Font Info:    ... okay on input line 66.
LaTeX Font Info:    Checking defaults for OMX/cmex/m/n on input line 66.
LaTeX Font Info:    ... okay on input line 66.
LaTeX Font Info:    Checking defaults for U/cmr/m/n on input line 66.
LaTeX Font Info:    ... okay on input line 66.
LaTeX Font Info:    Checking defaults for PD1/pdf/m/n on input line 66.
LaTeX Font Info:    ... okay on input line 66.
LaTeX Font Info:    Checking defaults for PU/pdf/m/n on input line 66.
LaTeX Font Info:    ... okay on input line 66.

Package fontspec Info: 
(fontspec)             Adjusting the maths setup (use [no-math] to avoid
(fontspec)             this).

\symlegacymaths=\mathgroup4
LaTeX Font Info:    Overwriting symbol font `legacymaths' in version `bold'
(Font)                  OT1/cmr/m/n --> OT1/cmr/bx/n on input line 66.
LaTeX Font Info:    Redeclaring math accent \acute on input line 66.
LaTeX Font Info:    Redeclaring math accent \grave on input line 66.
LaTeX Font Info:    Redeclaring math accent \ddot on input line 66.
LaTeX Font Info:    Redeclaring math accent \tilde on input line 66.
LaTeX Font Info:    Redeclaring math accent \bar on input line 66.
LaTeX Font Info:    Redeclaring math accent \breve on input line 66.
LaTeX Font Info:    Redeclaring math accent \check on input line 66.
LaTeX Font Info:    Redeclaring math accent \hat on input line 66.
LaTeX Font Info:    Redeclaring math accent \dot on input line 66.
LaTeX Font Info:    Redeclaring math accent \mathring on input line 66.
LaTeX Font Info:    Redeclaring math symbol \colon on input line 66.
LaTeX Font Info:    Redeclaring math symbol \Gamma on input line 66.
LaTeX Font Info:    Redeclaring math symbol \Delta on input line 66.
LaTeX Font Info:    Redeclaring math symbol \Theta on input line 66.
LaTeX Font Info:    Redeclaring math symbol \Lambda on input line 66.
LaTeX Font Info:    Redeclaring math symbol \Xi on input line 66.
LaTeX Font Info:    Redeclaring math symbol \Pi on input line 66.
LaTeX Font Info:    Redeclaring math symbol \Sigma on input line 66.
LaTeX Font Info:    Redeclaring math symbol \Upsilon on input line 66.
LaTeX Font Info:    Redeclaring math symbol \Phi on input line 66.
LaTeX Font Info:    Redeclaring math symbol \Psi on input line 66.
LaTeX Font Info:    Redeclaring math symbol \Omega on input line 66.
LaTeX Font Info:    Redeclaring math symbol \mathdollar on input line 66.
LaTeX Font Info:    Redeclaring symbol font `operators' on input line 66.
LaTeX Font Info:    Encoding `OT1' has changed to `TU' for symbol font
(Font)              `operators' in the math version `normal' on input line 66.
LaTeX Font Info:    Overwriting symbol font `operators' in version `normal'
(Font)                  OT1/cmr/m/n --> TU/Carlito(0)/m/n on input line 66.
LaTeX Font Info:    Encoding `OT1' has changed to `TU' for symbol font
(Font)              `operators' in the math version `bold' on input line 66.
LaTeX Font Info:    Overwriting symbol font `operators' in version `bold'
(Font)                  OT1/cmr/bx/n --> TU/Carlito(0)/m/n on input line 66.
LaTeX Font Info:    Overwriting symbol font `operators' in version `normal'
(Font)                  TU/Carlito(0)/m/n --> TU/Carlito(0)/m/n on input line 66.
LaTeX Font Info:    Overwriting math alphabet `\mathit' in version `normal'
(Font)                  OT1/cmr/m/it --> TU/Carlito(0)/m/it on input line 66.
LaTeX Font Info:    Overwriting math alphabet `\mathbf' in version `normal'
(Font)                  OT1/cmr/bx/n --> TU/Carlito(0)/b/n on input line 66.
LaTeX Font Info:    Overwriting math alphabet `\mathsf' in version `normal'
(Font)                  OT1/cmss/m/n --> TU/lmss/m/n on input line 66.
LaTeX Font Info:    Overwriting math alphabet `\mathtt' in version `normal'
(Font)                  OT1/cmtt/m/n --> TU/lmtt/m/n on input line 66.
LaTeX Font Info:    Overwriting symbol font `operators' in version `bold'
(Font)                  TU/Carlito(0)/m/n --> TU/Carlito(0)/b/n on input line 66.
LaTeX Font Info:    Overwriting math alphabet `\mathit' in version `bold'
(Font)                  OT1/cmr/bx/it --> TU/Carlito(0)/b/it on input line 66.
LaTeX Font Info:    Overwriting math alphabet `\mathsf' in version `bold'
(Font)                  OT1/cmss/bx/n --> TU/lmss/b/n on input line 66.
LaTeX Font Info:    Overwriting math alphabet `\mathtt' in version `bold'
(Font)                  OT1/cmtt/m/n --> TU/lmtt/b/n on input line 66.

*geometry* driver: auto-detecting
*geometry* detected driver: xetex
*geometry* verbose mode - [ preamble ] result:
* driver: xetex
* paper: a4paper
* layout: <same size as paper>
* layoutoffset:(h,v)=(0.0pt,0.0pt)
* modes: 
* h-part:(L,W,R)=(113.81102pt, 398.3386pt, 85.35826pt)
* v-part:(T,H,B)=(85.35826pt, 674.33032pt, 85.35826pt)
* \paperwidth=597.50787pt
* \paperheight=845.04684pt
* \textwidth=398.3386pt
* \textheight=674.33032pt
* \oddsidemargin=41.54103pt
* \evensidemargin=41.54103pt
* \topmargin=-23.91173pt
* \headheight=12.0pt
* \headsep=25.0pt
* \topskip=12.0pt
* \footskip=30.0pt
* \marginparwidth=35.0pt
* \marginparsep=10.0pt
* \columnsep=10.0pt
* \skip\footins=10.8pt plus 4.0pt minus 2.0pt
* \hoffset=0.0pt
* \voffset=0.0pt
* \mag=1000
* \@twocolumnfalse
* \@twosidefalse
* \@mparswitchfalse
* \@reversemarginfalse
* (1in=72.27pt=25.4mm, 1cm=28.453pt)

Package hyperref Info: Link coloring OFF on input line 66.
(./main.out) (./main.out)
\@outlinefile=\write3
\openout3 = `main.out'.

 (./chapters/1.tex
Bab 1.

Underfull \hbox (badness 3803) in paragraph at lines 5--6
\TU/Carlito(0)/m/n/12 pelanggan menyampaikan lauk yang diinginkan kepada staf, kemudian staf
 []

[1


]
Underfull \hbox (badness 7851) in paragraph at lines 11--18
[]\TU/Carlito(0)/m/n/12 Agar mekanisme tersebut dapat diterapkan tanpa mengharuskan staf
 []


Underfull \hbox (badness 1231) in paragraph at lines 11--18
\TU/Carlito(0)/m/n/12 suatu sistem yang mampu mengenali isi piring secara otomatis. Kebutuhan
 []


Underfull \hbox (badness 2772) in paragraph at lines 34--35
\TU/Carlito(0)/m/it/12 detection\TU/Carlito(0)/m/n/12 , tetapi juga mendukung beberapa tugas \TU/Carlito(0)/m/it/12 Computer Vision \TU/Carlito(0)/m/n/12 lainnya,
 []


Underfull \hbox (badness 3219) in paragraph at lines 36--37
\TU/Carlito(0)/m/n/12 beberapa tugas \TU/Carlito(0)/m/it/12 Computer Vision\TU/Carlito(0)/m/n/12 , termasuk \TU/Carlito(0)/m/it/12 instance segmentation\TU/Carlito(0)/m/n/12 . Untuk
 []


Underfull \hbox (badness 1460) in paragraph at lines 36--37
\TU/Carlito(0)/m/n/12 dan \TU/Carlito(0)/m/it/12 pixel mask \TU/Carlito(0)/m/n/12 untuk setiap objek yang terdeteksi [[], []]. Output tersebut
 []

[2]
Underfull \hbox (badness 4132) in paragraph at lines 38--39
[]\TU/Carlito(0)/m/n/12 Berdasarkan uraian tersebut, penelitian ini merancang \TU/Carlito(0)/m/it/12 proof-of-concept
 []


Underfull \hbox (badness 1412) in paragraph at lines 38--39
\TU/Carlito(0)/m/n/12 sistem \TU/Carlito(0)/m/it/12 checkout \TU/Carlito(0)/m/n/12 otomatis yang menyediakan opsi \TU/Carlito(0)/m/it/12 self-service \TU/Carlito(0)/m/n/12 bagi pelanggan
 []


Underfull \hbox (badness 6658) in paragraph at lines 38--39
\TU/Carlito(0)/m/n/12 kemudian sistem menggunakan YOLO11-seg untuk mendeteksi, melakukan
 []


Underfull \hbox (badness 10000) in paragraph at lines 48--49
[]\TU/Carlito(0)/m/n/12 Bagaimana merancang dan melatih model \TU/Carlito(0)/m/it/12 instance segmentation
 []


Underfull \hbox (badness 10000) in paragraph at lines 48--49
\TU/Carlito(0)/m/n/12 menggunakan arsitektur YOLO11-seg agar mampu mendeteksi dan
 []


Underfull \hbox (badness 1127) in paragraph at lines 48--49
\TU/Carlito(0)/m/n/12 melakukan segmentasi terhadap sembilan kelas lauk Nasi Padang serta
 []

[3]
Underfull \hbox (badness 10000) in paragraph at lines 50--51
[]\TU/Carlito(0)/m/n/12 Bagaimana mengevaluasi performa YOLO11-seg dalam mendeteksi,
 []


Underfull \hbox (badness 10000) in paragraph at lines 71--72
[]\TU/Carlito(0)/m/n/12 Program kalkulasi harga berfungsi mengolah hasil pengenalan dan
 []

[4]
Underfull \hbox (badness 4595) in paragraph at lines 77--78
\TU/Carlito(0)/m/n/12 Spesifikasi perancangan sistem \TU/Carlito(0)/m/it/12 checkout \TU/Carlito(0)/m/n/12 otomatis lauk Nasi Padang dalam
 []


Underfull \hbox (badness 1527) in paragraph at lines 77--78
\TU/Carlito(0)/m/n/12 akuisisi citra, modul pengenalan lauk menggunakan YOLO11-seg, dan modul
 []


Underfull \hbox (badness 1596) in paragraph at lines 88--89
\TU/Carlito(0)/m/n/12 setiap kelas. Setiap instans yang terdeteksi dihitung secara individual
 []


Underfull \hbox (badness 2261) in paragraph at lines 94--95
\TU/Carlito(0)/m/n/12 harga tetap, kemudian total pembayaran dihitung berdasarkan jumlah
 []

[5]
Underfull \hbox (badness 1253) in paragraph at lines 101--102
\TU/Carlito(0)/m/n/12 untuk mengenali dan menghitung lauk yang terdapat pada piring, kemudian
 []


Underfull \hbox (badness 2726) in paragraph at lines 103--104
[]\TU/Carlito(0)/m/n/12 Secara teknis dan akademis, penelitian ini memberikan penerapan dan
 []


Underfull \hbox (badness 1067) in paragraph at lines 103--104
\TU/Carlito(0)/m/n/12 awal untuk penerapan \TU/Carlito(0)/m/it/12 Computer Vision \TU/Carlito(0)/m/n/12 berbasis \TU/Carlito(0)/m/it/12 instance segmentation \TU/Carlito(0)/m/n/12 pada
 []

[6]
Underfull \hbox (badness 3343) in paragraph at lines 113--114
[]\TU/Carlito(0)/m/n/12 Perancangan yang berjudul “A Framework of Visual Checkout System
 []


Underfull \hbox (badness 1127) in paragraph at lines 113--114
\TU/Carlito(0)/m/n/12 Using Convolutional Neural Networks for Bento Buffet” oleh Wu et al.
 []


Underfull \hbox (badness 5008) in paragraph at lines 113--114
\TU/Carlito(0)/m/n/12 mengembangkan sistem \TU/Carlito(0)/m/it/12 visual checkout \TU/Carlito(0)/m/n/12 untuk restoran Bento Buffet
 []


Underfull \hbox (badness 2653) in paragraph at lines 113--114
\TU/Carlito(0)/m/n/12 menggunakan kamera Kinect dan CNN. Sistem melakukan pengenalan
 []


Underfull \hbox (badness 1383) in paragraph at lines 113--114
\TU/Carlito(0)/m/n/12 volume makanan dan harga. Pendekatan pengenalan dua tahap yang
 []


Underfull \hbox (badness 3168) in paragraph at lines 115--116
\TU/Carlito(0)/m/n/12 Based on Instance Segmentation” oleh Guo et al. mengembangkan
 []


Underfull \hbox (badness 10000) in paragraph at lines 117--118
[]\TU/Carlito(0)/m/n/12 Perancangan yang berjudul “SibNet: Food Instance Counting and
 []


Underfull \hbox (badness 1603) in paragraph at lines 117--118
\TU/Carlito(0)/m/n/12 bersamaan. SibNet dirancang untuk menangani karakteristik makanan
 []


Underfull \hbox (badness 4024) in paragraph at lines 117--118
\TU/Carlito(0)/m/n/12 dengan bentuk yang tidak beraturan serta kondisi objek yang saling
 []

[7]
Underfull \hbox (badness 2435) in paragraph at lines 119--120
\TU/Carlito(0)/m/n/12 Segmentation and Recognition” oleh Nguyen et al. mengembangkan
 []


Underfull \hbox (badness 6691) in paragraph at lines 119--120
\TU/Carlito(0)/m/n/12 jaringan multi-task untuk melakukan penghitungan, segmentasi, dan
 []


Underfull \hbox (badness 1215) in paragraph at lines 121--122
\TU/Carlito(0)/m/n/12 Mask R-CNN and Multiple Linear Regression” oleh Aditama dan Munir
 []


Underfull \hbox (badness 10000) in paragraph at lines 123--124
[]\TU/Carlito(0)/m/n/12 Perancangan yang berjudul “GS-YOLO-Seg: A Lightweight Instance
 []


Underfull \hbox (badness 3657) in paragraph at lines 123--124
\TU/Carlito(0)/m/n/12 Segmentation Method for Low-Grade Graphite Ore Sorting Based on
 []


Underfull \hbox (badness 4391) in paragraph at lines 123--124
\TU/Carlito(0)/m/n/12 Improved YOLO11-Seg” oleh Qiu et al. mengembangkan modifikasi
 []


Underfull \hbox (badness 3439) in paragraph at lines 123--124
\TU/Carlito(0)/m/n/12 tersebut memodifikasi beberapa bagian YOLO11-seg, termasuk proses
 []


Underfull \hbox (badness 3375) in paragraph at lines 123--124
\TU/Carlito(0)/m/n/12 ekstraksi fitur dan \TU/Carlito(0)/m/it/12 segmentation head\TU/Carlito(0)/m/n/12 , sehingga menunjukkan bahwa
 []


Underfull \hbox (badness 1320) in paragraph at lines 123--124
\TU/Carlito(0)/m/n/12 arsitektur YOLO11-seg dapat diterapkan dan dikembangkan lebih lanjut
 []

[8]) (./chapters/2.tex [9]
Bab 2.
(./chapters/subchapters/2/2-1.tex
Underfull \hbox (badness 5817) in paragraph at lines 3--4
\TU/Carlito(0)/m/it/12 proof-of-concept \TU/Carlito(0)/m/n/12 penerapan mekanisme \TU/Carlito(0)/m/it/12 self-service \TU/Carlito(0)/m/n/12 bagi pelanggan \TU/Carlito(0)/m/it/12 dine-in\TU/Carlito(0)/m/n/12 ,
 []


Underfull \hbox (badness 10000) in paragraph at lines 5--6
[]\TU/Carlito(0)/m/n/12 Penerapan \TU/Carlito(0)/m/it/12 Computer Vision \TU/Carlito(0)/m/n/12 pada proses \TU/Carlito(0)/m/it/12 checkout \TU/Carlito(0)/m/n/12 makanan telah
 []


Underfull \hbox (badness 10000) in paragraph at lines 5--6
\TU/Carlito(0)/m/n/12 dikembangkan pada beberapa penelitian sebelumnya, antara lain melalui
 []


Underfull \hbox (badness 2744) in paragraph at lines 5--6
\TU/Carlito(0)/m/n/12 melalui \TU/Carlito(0)/m/it/12 instance segmentation \TU/Carlito(0)/m/n/12 dan menggunakan hasil pengenalan tersebut
 []


Underfull \hbox (badness 3088) in paragraph at lines 7--8
[]\TU/Carlito(0)/m/n/12 Secara umum, perancangan sistem terdiri atas dua tahap, yaitu tahap
 []


Underfull \hbox (badness 7869) in paragraph at lines 7--8
\TU/Carlito(0)/m/n/12 pelatihan model dan tahap inferensi. Tahap pelatihan dilakukan untuk
 []


Underfull \hbox (badness 1082) in paragraph at lines 7--8
\TU/Carlito(0)/m/n/12 Citra kemudian diproses oleh YOLO11-seg untuk menghasilkan prediksi lokasi
 []


Underfull \hbox (badness 1997) in paragraph at lines 9--10
\TU/Carlito(0)/m/it/12 truth \TU/Carlito(0)/m/n/12 untuk memperoleh nilai \TU/Carlito(0)/m/it/12 loss\TU/Carlito(0)/m/n/12 . Nilai tersebut digunakan dalam proses
 []

[10

]
File: figures/alur_sistem.pdf Graphic file (type pdf)
<use figures/alur_sistem.pdf>
 [11]) (./chapters/subchapters/2/2-2.tex
Underfull \hbox (badness 5924) in paragraph at lines 26--1
\TU/Carlito(0)/m/n/12 YOLO11-seg, dan modul kalkulasi harga. Modul akuisisi citra digunakan
 []


Underfull \hbox (badness 1253) in paragraph at lines 26--1
\TU/Carlito(0)/m/n/12 untuk memperoleh citra piring sebagai masukan sistem. Modul pengenalan
 []


Underfull \hbox (badness 3965) in paragraph at lines 26--1
\TU/Carlito(0)/m/n/12 lauk digunakan untuk mengenali kelas dan setiap instans lauk pada citra,
 []

[12]
Underfull \hbox (badness 2393) in paragraph at lines 9--10
[]\TU/Carlito(0)/m/n/12 Konsep, spesifikasi, dan prinsip perancangan dari masing-masing modul
 []

(./chapters/subchapters/2/2-2-1.tex
Underfull \hbox (badness 10000) in paragraph at lines 5--6
\TU/Carlito(0)/m/n/12 Modul akuisisi citra merupakan bagian awal dari sistem yang berfungsi
 []

[13]
Underfull \hbox (badness 1859) in paragraph at lines 9--10
\TU/Carlito(0)/m/n/12 proses klasifikasi maupun segmentasi karena proses tersebut dilakukan oleh
 []


Underfull \hbox (badness 2894) in paragraph at lines 17--18
[]\TU/Carlito(0)/m/n/12 Karena sistem ditujukan sebagai \TU/Carlito(0)/m/it/12 proof-of-concept \TU/Carlito(0)/m/n/12 pada lingkungan yang
 []


Underfull \hbox (badness 1107) in paragraph at lines 17--18
\TU/Carlito(0)/m/n/12 terkontrol, posisi kamera tidak dirancang untuk berubah selama penggunaan
 []


Underfull \hbox (badness 1127) in paragraph at lines 19--20
\TU/Carlito(0)/m/n/12 modul akuisisi citra dibatasi pada proses memperoleh citra sebagai masukan
 []

[14]) (./chapters/subchapters/2/2-2-2.tex
Underfull \hbox (badness 1005) in paragraph at lines 5--6
\TU/Carlito(0)/m/n/12 Modul pengenalan lauk merupakan bagian utama dari sistem yang berfungsi
 []


Underfull \hbox (badness 1769) in paragraph at lines 5--6
\TU/Carlito(0)/m/n/12 Modul ini menggunakan YOLO11-seg, yaitu varian YOLO11 yang mendukung
 []


Underfull \hbox (badness 1137) in paragraph at lines 7--8
\TU/Carlito(0)/m/n/12 beberapa lauk dari kelas yang sama [[], [], []]. Pada sistem yang dirancang,
 []


Underfull \hbox (badness 1509) in paragraph at lines 9--10
\TU/Carlito(0)/m/n/12 karena sebagian objek dapat tertutup oleh objek lainnya sehingga informasi
 []


Underfull \hbox (badness 3919) in paragraph at lines 9--10
\TU/Carlito(0)/m/n/12 oleh YOLO11-seg. Kondisi oklusi yang muncul pada data pengujian akan
 []


Underfull \hbox (badness 3492) in paragraph at lines 11--12
[]\TU/Carlito(0)/m/n/12 Secara umum, arsitektur YOLO11 terdiri atas tiga bagian utama, yaitu
 []


Underfull \hbox (badness 1102) in paragraph at lines 11--12
\TU/Carlito(0)/m/n/12 YOLO11-seg, bagian prediksi juga mencakup informasi yang diperlukan untuk
 []

[15]
Underfull \hbox (badness 2005) in paragraph at lines 13--14
\TU/Carlito(0)/m/n/12 Lapisan konvolusi digunakan untuk mengekstraksi fitur sekaligus mengurangi
 []


Underfull \hbox (badness 3668) in paragraph at lines 13--14
\TU/Carlito(0)/m/n/12 resolusi spasial secara bertahap sehingga diperoleh representasi fitur pada
 []


Underfull \hbox (badness 4699) in paragraph at lines 15--16
\TU/Carlito(0)/m/n/12 dirancang untuk mempertahankan aliran informasi fitur dengan kebutuhan
 []


Underfull \hbox (badness 4108) in paragraph at lines 17--18
\TU/Carlito(0)/m/n/12 operasi \TU/Carlito(0)/m/it/12 pooling\TU/Carlito(0)/m/n/12 . Setelah SPPF, YOLO11 menggunakan modul C2PSA yang
 []


Underfull \hbox (badness 8038) in paragraph at lines 19--20
\TU/Carlito(0)/m/n/12 ini melakukan penggabungan fitur dari beberapa tingkat resolusi melalui
 []


Underfull \hbox (badness 2351) in paragraph at lines 19--20
\TU/Carlito(0)/m/n/12 memungkinkan informasi spasial dari fitur beresolusi lebih tinggi dipadukan
 []

[16]
Underfull \hbox (badness 1365) in paragraph at lines 27--28
[]\TU/Carlito(0)/m/n/12 Pada tahap pelatihan, hasil prediksi model dibandingkan dengan \TU/Carlito(0)/m/it/12 ground
 []


Underfull \hbox (badness 2293) in paragraph at lines 27--28
\TU/Carlito(0)/m/n/12 dalam proses \TU/Carlito(0)/m/it/12 backpropagation \TU/Carlito(0)/m/n/12 untuk memperbarui bobot jaringan. Proses
 []


Underfull \hbox (badness 1515) in paragraph at lines 29--30
\TU/Carlito(0)/m/n/12 sebagai hasil prediksi akhir dianggap sebagai satu instans. Instans tersebut
 []


Underfull \hbox (badness 1122) in paragraph at lines 33--34
\TU/Carlito(0)/m/n/12 yang dikenali memiliki kelas dan \TU/Carlito(0)/m/it/12 mask \TU/Carlito(0)/m/n/12 masing-masing. Pendekatan tersebut
 []

[17]
Underfull \hbox (badness 10000) in paragraph at lines 37--38
[]\TU/Carlito(0)/m/n/12 Hasil prediksi kemudian digunakan untuk menentukan jumlah lauk
 []

) (./chapters/subchapters/2/2-2-3.tex
Underfull \hbox (badness 4013) in paragraph at lines 5--6
\TU/Carlito(0)/m/n/12 Modul kalkulasi harga merupakan bagian akhir dari sistem yang berfungsi
 []

[18]
Underfull \hbox (badness 3735) in paragraph at lines 7--8
[]\TU/Carlito(0)/m/n/12 Pada penelitian ini, setiap kelas lauk memiliki harga tetap yang telah
 []


Underfull \hbox (badness 1742) in paragraph at lines 7--8
\TU/Carlito(0)/m/n/12 jumlah instans pada masing-masing kelas yang diperoleh dari hasil inferensi
 []

LaTeX Font Info:    External font `cmex10' loaded for size
(Font)              <12> on input line 11.
LaTeX Font Info:    External font `cmex10' loaded for size
(Font)              <8> on input line 11.
LaTeX Font Info:    External font `cmex10' loaded for size
(Font)              <6> on input line 11.

Underfull \hbox (badness 1019) in paragraph at lines 26--27
\TU/Carlito(0)/m/n/12 maupun ukuran porsi. \TU/Carlito(0)/m/it/12 Segmentation mask \TU/Carlito(0)/m/n/12 yang dihasilkan oleh YOLO11-seg
 []


Underfull \hbox (badness 1308) in paragraph at lines 26--27
\TU/Carlito(0)/m/n/12 digunakan sebagai representasi wilayah setiap instans, sedangkan nilai harga
 []

[19]
Underfull \hbox (badness 2165) in paragraph at lines 32--33
[]\TU/Carlito(0)/m/n/12 Proses kalkulasi dimulai dengan menerima hasil pengenalan dari modul
 []


Underfull \hbox (badness 10000) in paragraph at lines 34--35
\TU/Carlito(0)/m/n/12 perubahan harga dilakukan tanpa melakukan pelatihan ulang terhadap
 []

))) (./chapters/3.tex [20]
Bab 3.
(./chapters/subchapters/3/3-1.tex
Underfull \hbox (badness 5847) in paragraph at lines 5--6
[]\TU/Carlito(0)/m/n/12 Pada sistem ini, kamera ditempatkan pada posisi tetap di atas area
 []


Underfull \hbox (badness 5288) in paragraph at lines 5--6
\TU/Carlito(0)/m/n/12 pengambilan citra untuk memperoleh citra piring yang berisi lauk pilihan
 []


Underfull \hbox (badness 1642) in paragraph at lines 9--10
\TU/Carlito(0)/m/n/12 lauk dengan harga tetap yang telah ditentukan dan menghitung total harga
 []

[21

]
Underfull \hbox (badness 4608) in paragraph at lines 11--12
[]\TU/Carlito(0)/m/n/12 Perancangan sistem dilakukan melalui beberapa tahap yang mencakup
 []


Underfull \hbox (badness 1014) in paragraph at lines 11--12
\TU/Carlito(0)/m/n/12 perencanaan sistem, analisis kebutuhan sistem, dan perancangan alur sistem
 []


Underfull \hbox (badness 1072) in paragraph at lines 11--12
\TU/Carlito(0)/m/n/12 dari persiapan dataset hingga model dapat digunakan pada proses \TU/Carlito(0)/m/it/12 checkout\TU/Carlito(0)/m/n/12 .
 []


Underfull \hbox (badness 1708) in paragraph at lines 11--12
\TU/Carlito(0)/m/n/12 Analisis sistem membahas kebutuhan yang diperlukan dalam pengembangan
 []


Underfull \hbox (badness 3108) in paragraph at lines 11--12
\TU/Carlito(0)/m/n/12 sistem, sedangkan perancangan sistem membahas alur pelatihan, inferensi,
 []

(./chapters/subchapters/3/3-1-1.tex
Underfull \hbox (badness 1648) in paragraph at lines 3--4
\TU/Carlito(0)/m/n/12 kemudian diperiksa dan dipilih agar dapat digunakan sebagai dataset dalam
 []


Underfull \hbox (badness 1565) in paragraph at lines 5--6
[]\TU/Carlito(0)/m/n/12 Setiap citra yang digunakan pada proses pelatihan selanjutnya diberikan
 []

[22]
Underfull \hbox (badness 1173) in paragraph at lines 11--12
\TU/Carlito(0)/m/n/12 model yang telah dilatih. Model menghasilkan sejumlah instans objek yang
 []


Underfull \hbox (badness 1824) in paragraph at lines 13--14
[]\TU/Carlito(0)/m/n/12 Hasil penghitungan tersebut selanjutnya diteruskan ke program kalkulasi
 []

(./chapters/subchapters/3/3-1-1-1.tex
Underfull \hbox (badness 4479) in paragraph at lines 5--6
\TU/Carlito(0)/m/n/12 secara langsung dan pengumpulan citra dari internet. Pengambilan citra
 []


Underfull \hbox (badness 3735) in paragraph at lines 5--6
\TU/Carlito(0)/m/n/12 variasi tampilan lauk, seperti bentuk, penyajian, posisi objek, dan kondisi
 []

[23]
File: figures/contoh_dataset.pdf Graphic file (type pdf)
<use figures/contoh_dataset.pdf>
) (./chapters/subchapters/3/3-1-1-2.tex [24]
Underfull \hbox (badness 1259) in paragraph at lines 5--6
\TU/Carlito(0)/m/n/12 pada citra. Setiap poligon diberikan label kelas sehingga memuat informasi
 []

[25]) (./chapters/subchapters/3/3-1-1-3.tex
Underfull \hbox (badness 2582) in paragraph at lines 5--6
\TU/Carlito(0)/m/n/12 validasi, dan 15% untuk data pengujian. Jumlah citra pada setiap bagian
 []


Underfull \hbox (badness 1043) in paragraph at lines 5--6
\TU/Carlito(0)/m/n/12 ditentukan berdasarkan jumlah akhir citra yang telah lolos tahap seleksi dan
 []

) (./chapters/subchapters/3/3-1-1-4.tex [26]
Underfull \hbox (badness 4582) in paragraph at lines 3--4
\TU/Carlito(0)/m/n/12 Augmentasi diterapkan pada data pelatihan untuk menambah variasi citra
 []


Underfull \hbox (badness 1292) in paragraph at lines 3--4
\TU/Carlito(0)/m/n/12 yang digunakan selama proses pembelajaran model. Penerapan augmentasi
 []


Underfull \hbox (badness 10000) in paragraph at lines 5--6
\TU/Carlito(0)/m/n/12 yang berbeda tanpa menghasilkan salinan citra baru secara permanen.
 []

)) (./chapters/subchapters/3/3-1-2.tex
Underfull \hbox (badness 3557) in paragraph at lines 3--4
\TU/Carlito(0)/m/n/12 kebutuhan perangkat keras, perangkat lunak, data, dan fungsi yang harus
 []

[27]
Underfull \hbox (badness 2644) in paragraph at lines 9--10
[]\TU/Carlito(0)/m/n/12 Perangkat komputasi untuk melakukan anotasi data, pelatihan model,
 []


Underfull \hbox (badness 10000) in paragraph at lines 20--21
[]\TU/Carlito(0)/m/n/12 Perangkat lunak dan pustaka pendukung untuk pengolahan citra,
 []

[28]) (./chapters/subchapters/3/3-1-3.tex
Underfull \hbox (badness 6001) in paragraph at lines 25--1
[]\TU/Carlito(0)/m/n/12 Secara fungsional, sistem harus mampu menerima citra dari kamera,
 []


Underfull \hbox (badness 1783) in paragraph at lines 25--1
\TU/Carlito(0)/m/n/12 mengenali kelas dan menghasilkan \TU/Carlito(0)/m/it/12 segmentation mask \TU/Carlito(0)/m/n/12 untuk setiap instans,
 []


Underfull \hbox (badness 1163) in paragraph at lines 3--4
\TU/Carlito(0)/m/n/12 otomatis Nasi Padang mulai dari pelatihan model hingga penggunaan model
 []


Underfull \hbox (badness 2717) in paragraph at lines 5--6
[]\TU/Carlito(0)/m/n/12 Rancangan pelatihan model menjelaskan alur penggunaan dataset yang
 []


Underfull \hbox (badness 2653) in paragraph at lines 5--6
\TU/Carlito(0)/m/n/12 telah dianotasi dan dibagi menjadi data pelatihan, validasi, dan pengujian.
 []


Underfull \hbox (badness 1281) in paragraph at lines 5--6
\TU/Carlito(0)/m/n/12 Data pelatihan digunakan untuk melatih YOLO11-seg melalui proses prediksi,
 []


Underfull \hbox (badness 1917) in paragraph at lines 5--6
\TU/Carlito(0)/m/n/12 perhitungan \TU/Carlito(0)/m/it/12 loss\TU/Carlito(0)/m/n/12 , dan pembaruan bobot model. Performa model dipantau
 []


Underfull \hbox (badness 1448) in paragraph at lines 7--8
\TU/Carlito(0)/m/n/12 diperoleh dari kamera. Model YOLO11-seg menghasilkan prediksi kelas dan
 []

(./chapters/subchapters/3/3-1-3-1.tex
Underfull \hbox (badness 7540) in paragraph at lines 3--4
\TU/Carlito(0)/m/n/12 Pelatihan model dilakukan menggunakan YOLO11-seg yang telah memiliki
 []


Underfull \hbox (badness 10000) in paragraph at lines 3--4
\TU/Carlito(0)/m/n/12 memanfaatkan fitur visual yang telah dipelajari oleh model, kemudian
 []


Underfull \hbox (badness 4582) in paragraph at lines 3--4
\TU/Carlito(0)/m/n/12 menyesuaikannya dengan karakteristik sembilan kelas objek makanan yang
 []

[29]
Underfull \hbox (badness 4479) in paragraph at lines 7--8
\TU/Carlito(0)/m/n/12 menggabungkan informasi dari beberapa skala. Hasil penggabungan fitur
 []


Underfull \hbox (badness 3514) in paragraph at lines 9--10
[]\TU/Carlito(0)/m/n/12 Prediksi kelas digunakan untuk menentukan jenis objek makanan yang
 []


Underfull \hbox (badness 1014) in paragraph at lines 13--14
\TU/Carlito(0)/m/n/12 setiap tahap pelatihan, performa model dipantau menggunakan data validasi
 []


Underfull \hbox (badness 6691) in paragraph at lines 13--14
\TU/Carlito(0)/m/n/12 perkembangan kemampuan model dan menentukan bobot model dengan
 []

[30]) (./chapters/subchapters/3/3-1-3-2.tex
Underfull \hbox (badness 1874) in paragraph at lines 5--6
\TU/Carlito(0)/m/n/12 untuk setiap instans objek makanan. Setiap prediksi memuat lokasi objek,
 []


Underfull \hbox (badness 1210) in paragraph at lines 9--10
\TU/Carlito(0)/m/n/12 dan harga setiap instans. Subtotal setiap kelas dihitung dengan mengalikan
 []

[31]))) (./chapters/subchapters/3/3-2.tex
Underfull \hbox (badness 10000) in paragraph at lines 13--1
[]\TU/Carlito(0)/m/n/12 Proses tersebut menghasilkan mekanisme \TU/Carlito(0)/m/it/12 checkout \TU/Carlito(0)/m/n/12 otomatis yang
 []


Underfull \hbox (badness 10000) in paragraph at lines 13--1
\TU/Carlito(0)/m/n/12 menghubungkan hasil pengenalan YOLO11-seg dengan program kalkulasi
 []


Underfull \hbox (badness 2591) in paragraph at lines 3--4
\TU/Carlito(0)/m/n/12 pembuatan dataset, pelatihan model YOLO11-seg, dan pembuatan program
 []


Underfull \hbox (badness 4429) in paragraph at lines 7--8
[]\TU/Carlito(0)/m/n/12 Model YOLO11-seg dilatih menggunakan citra dan \TU/Carlito(0)/m/it/12 ground truth \TU/Carlito(0)/m/n/12 untuk
 []


Underfull \hbox (badness 3354) in paragraph at lines 7--8
\TU/Carlito(0)/m/it/12 mask \TU/Carlito(0)/m/n/12 setiap instans. Model dengan performa validasi terbaik selanjutnya
 []

))
Underfull \hbox (badness 3601) in paragraph at lines 9--71
[]\TU/Carlito(0)/m/n/12 Program \TU/Carlito(0)/m/it/12 checkout \TU/Carlito(0)/m/n/12 menerima hasil inferensi model, menghitung jumlah
 []


Underfull \hbox (badness 3148) in paragraph at lines 9--71
\TU/Carlito(0)/m/n/12 didokumentasikan berdasarkan perangkat, konfigurasi, dan hasil pembuatan
 []

[32] [33] (./main.bbl
Underfull \hbox (badness 2318) in paragraph at lines 45--46
[]\TU/Carlito(0)/m/n/12 E. Aguilar, B. Remeseiro, M. Bolaños, and P. Radeva, “Grab, pay and
 []


Underfull \hbox (badness 6173) in paragraph at lines 45--46
\TU/Carlito(0)/m/n/12 eat: Semantic food detection for smart restaurants,” \TU/Carlito(0)/m/it/12 arXiv preprint
 []

[34


]) [35] (./main.aux)
 ***********
LaTeX2e <2025-11-01>
L3 programming layer <2026-01-19>
 ***********
Package rerunfilecheck Info: File `main.out' has not changed.
(rerunfilecheck)             Checksum: D21AF3CFD858C8EA719248E590182781;4100.
 ) 
Here is how much of TeX's memory you used:
 13046 strings out of 468176
 266301 string characters out of 5407950
 733552 words of memory out of 5000000
 41565 multiletter control sequences out of 15000+600000
 630969 words of font info for 69 fonts, out of 8000000 for 9000
 1348 hyphenation exceptions out of 8191
 73i,6n,93p,796b,475s stack positions out of 10000i,1000n,20000p,200000b,200000s

Output written on main.xdv (35 pages, 549512 bytes).
