\BOOKMARK [0][-]{chapter.1}{\376\377\000P\000E\000N\000D\000A\000H\000U\000L\000U\000A\000N}{}% 1
\BOOKMARK [1][-]{section.1.1}{\376\377\000L\000a\000t\000a\000r\000\040\000B\000e\000l\000a\000k\000a\000n\000g}{chapter.1}% 2
\BOOKMARK [1][-]{section.1.2}{\376\377\000R\000u\000m\000u\000s\000a\000n\000\040\000R\000a\000n\000c\000a\000n\000g\000a\000n}{chapter.1}% 3
\BOOKMARK [1][-]{section.1.3}{\376\377\000K\000o\000m\000p\000o\000n\000e\000n\000\040\000P\000e\000r\000a\000n\000c\000a\000n\000g\000a\000n}{chapter.1}% 4
\BOOKMARK [1][-]{section.1.4}{\376\377\000S\000p\000e\000s\000i\000f\000i\000k\000a\000s\000i\000\040\000P\000e\000r\000a\000n\000c\000a\000n\000g\000a\000n}{chapter.1}% 5
\BOOKMARK [1][-]{section.1.5}{\376\377\000K\000e\000g\000u\000n\000a\000a\000n\000\040\000R\000a\000n\000c\000a\000n\000g\000a\000n}{chapter.1}% 6
\BOOKMARK [1][-]{section.1.6}{\376\377\000R\000a\000n\000c\000a\000n\000g\000a\000n\000\040\000y\000a\000n\000g\000\040\000S\000u\000d\000a\000h\000\040\000D\000i\000b\000u\000a\000t}{chapter.1}% 7
\BOOKMARK [0][-]{chapter.2}{\376\377\000L\000A\000N\000D\000A\000S\000A\000N\000\040\000T\000E\000O\000R\000E\000T\000I\000K}{}% 8
\BOOKMARK [1][-]{section.2.1}{\376\377\000S\000i\000s\000t\000e\000m\000\040\000y\000a\000n\000g\000\040\000D\000i\000r\000a\000n\000c\000a\000n\000g}{chapter.2}% 9
\BOOKMARK [1][-]{section.2.2}{\376\377\000L\000a\000n\000d\000a\000s\000a\000n\000\040\000T\000e\000o\000r\000i}{chapter.2}% 10
\BOOKMARK [2][-]{subsection.2.2.1}{\376\377\000N\000a\000s\000i\000\040\000P\000a\000d\000a\000n\000g}{section.2.2}% 11
\BOOKMARK [2][-]{subsection.2.2.2}{\376\377\000C\000o\000m\000p\000u\000t\000e\000r\000\040\000V\000i\000s\000i\000o\000n\000\040\000d\000a\000n\000\040\000C\000i\000t\000r\000a\000\040\000D\000i\000g\000i\000t\000a\000l}{section.2.2}% 12
\BOOKMARK [2][-]{subsection.2.2.3}{\376\377\000I\000n\000s\000t\000a\000n\000c\000e\000\040\000S\000e\000g\000m\000e\000n\000t\000a\000t\000i\000o\000n}{section.2.2}% 13
\BOOKMARK [2][-]{subsection.2.2.4}{\376\377\000Y\000O\000L\000O\0001\0001\000-\000s\000e\000g}{section.2.2}% 14
\BOOKMARK [2][-]{subsection.2.2.5}{\376\377\000P\000e\000n\000g\000h\000i\000t\000u\000n\000g\000a\000n\000\040\000I\000n\000s\000t\000a\000n\000s\000\040\000d\000a\000n\000\040\000P\000e\000r\000h\000i\000t\000u\000n\000g\000a\000n\000\040\000T\000o\000t\000a\000l\000\040\000H\000a\000r\000g\000a}{section.2.2}% 15
\BOOKMARK [2][-]{subsection.2.2.6}{\376\377\000E\000v\000a\000l\000u\000a\000s\000i\000\040\000K\000i\000n\000e\000r\000j\000a\000\040\000M\000o\000d\000e\000l\000\040\000d\000a\000n\000\040\000S\000i\000s\000t\000e\000m}{section.2.2}% 16
\BOOKMARK [0][-]{chapter.3}{\376\377\000R\000A\000N\000C\000A\000N\000G\000A\000N\000\040\000D\000A\000N\000\040\000P\000E\000M\000B\000U\000A\000T\000A\000N}{}% 17
\BOOKMARK [1][-]{section.3.1}{\376\377\000R\000a\000n\000c\000a\000n\000g\000a\000n\000\040\000S\000i\000s\000t\000e\000m}{chapter.3}% 18
\BOOKMARK [2][-]{subsection.3.1.1}{\376\377\000P\000e\000r\000e\000n\000c\000a\000n\000a\000a\000n\000\040\000S\000i\000s\000t\000e\000m}{section.3.1}% 19
\BOOKMARK [3][-]{subsubsection.3.1.1.1}{\376\377\000P\000e\000n\000g\000u\000m\000p\000u\000l\000a\000n\000\040\000D\000a\000t\000a}{subsection.3.1.1}% 20
\BOOKMARK [3][-]{subsubsection.3.1.1.2}{\376\377\000A\000n\000o\000t\000a\000s\000i\000\040\000D\000a\000t\000a}{subsection.3.1.1}% 21
\BOOKMARK [3][-]{subsubsection.3.1.1.3}{\376\377\000P\000e\000m\000b\000a\000g\000i\000a\000n\000\040\000D\000a\000t\000a\000s\000e\000t}{subsection.3.1.1}% 22
\BOOKMARK [3][-]{subsubsection.3.1.1.4}{\376\377\000A\000u\000g\000m\000e\000n\000t\000a\000s\000i\000\040\000D\000a\000t\000a}{subsection.3.1.1}% 23
\BOOKMARK [2][-]{subsection.3.1.2}{\376\377\000A\000n\000a\000l\000i\000s\000i\000s\000\040\000S\000i\000s\000t\000e\000m}{section.3.1}% 24
\BOOKMARK [2][-]{subsection.3.1.3}{\376\377\000P\000e\000r\000a\000n\000c\000a\000n\000g\000a\000n\000\040\000S\000i\000s\000t\000e\000m}{section.3.1}% 25
\BOOKMARK [3][-]{subsubsection.3.1.3.1}{\376\377\000R\000a\000n\000c\000a\000n\000g\000a\000n\000\040\000P\000e\000l\000a\000t\000i\000h\000a\000n\000\040\000M\000o\000d\000e\000l}{subsection.3.1.3}% 26
\BOOKMARK [3][-]{subsubsection.3.1.3.2}{\376\377\000R\000a\000n\000c\000a\000n\000g\000a\000n\000\040\000P\000r\000o\000s\000e\000s\000\040\000C\000h\000e\000c\000k\000o\000u\000t}{subsection.3.1.3}% 27
